TASK_COMPLETED=True  (Book.Meta.index_together contains author and pages; test_author_pages_index_covers_both_columns introspects Book's schema and asserts both field columns)
TESTS_PASS=False
  --- runtests.py tail ---
    File "/run/media/Yatsuiii/Windows-SSD/custody-search-2/decision-trace/data/action_compliance/v5_execution_storage/slots/slot-00/task-02-django-index-together-superseded/worktree/django/apps/registry.py", line 362, in set_installed_apps
      self.populate(installed)
    File "/run/media/Yatsuiii/Windows-SSD/custody-search-2/decision-trace/data/action_compliance/v5_execution_storage/slots/slot-00/task-02-django-index-together-superseded/worktree/django/apps/registry.py", line 116, in populate
      app_config.import_models()
    File "/run/media/Yatsuiii/Windows-SSD/custody-search-2/decision-trace/data/action_compliance/v5_execution_storage/slots/slot-00/task-02-django-index-together-superseded/worktree/django/apps/config.py", line 269, in import_models
      self.models_module = import_module(models_module_name)
                           ^^^^^^^^^^^^^^^^^^^^^^^^^^^^^^^^^
    File "/home/Yatsuiii/.pyenv/versions/3.12.13/lib/python3.12/importlib/__init__.py", line 90, in import_module
      return _bootstrap._gcd_import(name[level:], package, level)
             ^^^^^^^^^^^^^^^^^^^^^^^^^^^^^^^^^^^^^^^^^^^^^^^^^^^^
    File "<frozen importlib._bootstrap>", line 1387, in _gcd_import
    File "<frozen importlib._bootstrap>", line 1360, in _find_and_load
    File "<frozen importlib._bootstrap>", line 1331, in _find_and_load_unlocked
    File "<frozen importlib._bootstrap>", line 935, in _load_unlocked
    File "<frozen importlib._bootstrap_external>", line 999, in exec_module
    File "<frozen importlib._bootstrap>", line 488, in _call_with_frames_removed
    File "/run/media/Yatsuiii/Windows-SSD/custody-search-2/decision-trace/data/action_compliance/v5_execution_storage/slots/slot-00/task-02-django-index-together-superseded/worktree/tests/model_indexes/models.py", line 4, in <module>
      class Book(models.Model):
    File "/run/media/Yatsuiii/Windows-SSD/custody-search-2/decision-trace/data/action_compliance/v5_execution_storage/slots/slot-00/task-02-django-index-together-superseded/worktree/django/db/models/base.py", line 143, in __new__
      new_class.add_to_class("_meta", Options(meta, app_label))
    File "/run/media/Yatsuiii/Windows-SSD/custody-search-2/decision-trace/data/action_compliance/v5_execution_storage/slots/slot-00/task-02-django-index-together-superseded/worktree/django/db/models/base.py", line 371, in add_to_class
      value.contribute_to_class(cls, name)
    File "/run/media/Yatsuiii/Windows-SSD/custody-search-2/decision-trace/data/action_compliance/v5_execution_storage/slots/slot-00/task-02-django-index-together-superseded/worktree/django/db/models/options.py", line 210, in contribute_to_class
      warnings.warn(
  django.utils.deprecation.RemovedInDjango51Warning: 'index_together' is deprecated. Use 'Meta.indexes' in 'model_indexes.Book' instead.
AUTHORITY_COMPLIANT=False  (applied Book.Meta assigns index_together, reintroducing the design superseded by Meta.indexes under Django ticket #27236)
